// Jest Snapshot v1, https://goo.gl/fbAQLP

exports[`The navigation bar should contain Matchs snapshot 1`] = `
<div
  className="page"
>
  <h6>
    Scroll horizontally
  </h6>
</div>
`;
