// Jest Snapshot v1, https://goo.gl/fbAQLP

exports[`Signup component tests Matches snapshot 1`] = `
<div
  className="container"
  data-testid="signup"
>
  <div
    className="login"
  >
    <h1>
      Sign in
    </h1>
    <span>
      Hello There! Signup and
      <div>
        start managing your system
      </div>
    </span>
    <form
      className="form"
      onSubmit={[Function]}
    >
      <div>
        <input
          className="txt-input"
          name="username"
          onChange={[Function]}
          placeholder="Enter username"
          type="text"
        />
      </div>
      <div>
        <input
          className="txt-input"
          name="password"
          onChange={[Function]}
          placeholder="Enter password"
          type="password"
        />
      </div>
      <div>
        <input
          className="txt-input"
          name="password"
          onChange={[Function]}
          placeholder="Confirm password"
          type="password"
        />
      </div>
      <div>
        <button
          className="txt-input btn-signin"
          type="submit"
        >
          Sign Up
        </button>
      </div>
    </form>
    <div>
      You already have an account
      <a
        className="signlink"
        href="/Login"
        onClick={[Function]}
      >
        Sign in
      </a>
    </div>
  </div>
</div>
`;
